
> siteforge@0.1.0 build
> npm run gen:templates && prisma generate && next build


> siteforge@0.1.0 gen:templates
> node scripts/gen-registry.mjs

Registry generated with 84 templates.
Loaded Prisma config from prisma.config.ts.

Prisma schema loaded from prisma\schema.prisma.

✔ Generated Prisma Client (7.10.0) to .\src\generated\prisma in 870ms

▲ Next.js 16.3.5 (Turbopack)
- Environments: .env
✓ Running next.config.ts took 338ms

  Creating an optimized production build ...
✓ Compiled successfully in 16.2s
  Running TypeScript ...
  Finished TypeScript in 7.5s ...
  Collecting page data using 7 workers ...
  Generating static pages using 7 workers (0/138) ...
  Generating static pages using 7 workers (34/138) 
  Generating static pages using 7 workers (68/138) 
  Generating static pages using 7 workers (103/138) 
✓ Generating static pages using 7 workers (138/138) in 5.4s
  Finalizing page optimization ...

Route (app)
┌ ○ /
├ ○ /_not-found
├ ○ /about
├ ƒ /api/lang
├ ƒ /api/media/[id]
├ ƒ /api/media/confirm
├ ƒ /api/media/presign
├ ƒ /blog
├ ƒ /blog/[category]
├ ƒ /blog/[category]/[slug]
├ ƒ /contact
├ ○ /pricing
├ ƒ /super
├ ƒ /super/audit
├ ƒ /super/blog
├ ƒ /super/blog/[id]
├ ƒ /super/blog/new
├ ƒ /super/leads
├ ƒ /super/login
├ ƒ /super/templates
├ ƒ /super/tenants
├ ƒ /super/tenants/[id]
├ ƒ /super/tenants/new
├ ƒ /super/users
├ ƒ /super/users/password
├ ƒ /templates
├   /templates/[category]
│ ├ ● /templates/kitchen
│ ├ ● /templates/printing
│ ├ ● /templates/clothing
│ └ ● [+13 more paths]
└   /templates/[category]/[id]
  ├ ● /templates/bakery/bakery-01
  ├ ● /templates/bakery/bakery-02
  ├ ● /templates/bakery/bakery-03
  └ ● [+81 more paths]


ƒ Proxy (Middleware)

○  (Static)   prerendered as static content
●  (SSG)      prerendered as static HTML (uses generateStaticParams)
ƒ  (Dynamic)  server-rendered on demand

BUILD_EXIT=0
